// Jest Snapshot v1, https://goo.gl/fbAQLP

exports[`Validar el archivo Hook App debe de hacer el snapchoop del HookApp  1`] = `
<div>
  <h1>
    Hola mundo
  </h1>
</div>
`;
